ThisBuild / baseVersion := "5.0.0"
ThisBuild / baseVersionSuffix := "rebuild-00001"
